// Vitest Snapshot v1, https://vitest.dev/guide/snapshot.html

exports[`should be able to ignore rule false-export-default 1`] = `
[
  "[arethetypeswrong] test-false-export-default v0.0.0

 (ignoring rules: 'false-export-default')

 No problems found 🌟
┌───────────────────┬─────────────────────────────┐
│                   │ "test-false-export-default" │
├───────────────────┼─────────────────────────────┤
│ node10            │ 🟢                          │
├───────────────────┼─────────────────────────────┤
│ node16 (from CJS) │ 🟢 (CJS)                    │
├───────────────────┼─────────────────────────────┤
│ node16 (from ESM) │ 🟢 (CJS)                    │
├───────────────────┼─────────────────────────────┤
│ bundler           │ 🟢                          │
└───────────────────┴─────────────────────────────┘",
]
`;

exports[`should throw when false export default 2`] = `
[
  "[arethetypeswrong] test-false-export-default v0.0.0

❗️ The resolved types use export default where the JavaScript file appears to use module.exports =. This will cause TypeScript under the node16 module mode to think an extra .default property access is required, but that will likely fail at runtime. These types should use export = instead of export default. https://github.com/arethetypeswrong/arethetypeswrong.github.io/blob/main/docs/problems/FalseExportDefault.md


┌───────────────────┬──────────────────────────────┐
│                   │ "test-false-export-default"  │
├───────────────────┼──────────────────────────────┤
│ node10            │ ❗️ Incorrect default export │
├───────────────────┼──────────────────────────────┤
│ node16 (from CJS) │ ❗️ Incorrect default export │
├───────────────────┼──────────────────────────────┤
│ node16 (from ESM) │ ❗️ Incorrect default export │
├───────────────────┼──────────────────────────────┤
│ bundler           │ ❗️ Incorrect default export │
└───────────────────┴──────────────────────────────┘",
]
`;
