// Vitest Snapshot v1, https://vitest.dev/guide/snapshot.html

exports[`should be able to ignore rule false-cjs 1`] = `
[
  "[arethetypeswrong] test-false-cjs v0.0.0

 (ignoring rules: 'false-cjs')

 No problems found 🌟
┌───────────────────┬──────────────────┐
│                   │ "test-false-cjs" │
├───────────────────┼──────────────────┤
│ node10            │ 🟢               │
├───────────────────┼──────────────────┤
│ node16 (from CJS) │ 🟢 (CJS)         │
├───────────────────┼──────────────────┤
│ node16 (from ESM) │ 🟢 (CJS)         │
├───────────────────┼──────────────────┤
│ bundler           │ 🟢               │
└───────────────────┴──────────────────┘",
]
`;

exports[`should throw when has false CJS 2`] = `
[
  "[arethetypeswrong] test-false-cjs v0.0.0

🎭 Import resolved to a CommonJS type declaration file, but an ESM JavaScript file. https://github.com/arethetypeswrong/arethetypeswrong.github.io/blob/main/docs/problems/FalseCJS.md


┌───────────────────┬────────────────────────┐
│                   │ "test-false-cjs"       │
├───────────────────┼────────────────────────┤
│ node10            │ 🟢                     │
├───────────────────┼────────────────────────┤
│ node16 (from CJS) │ 🟢 (CJS)               │
├───────────────────┼────────────────────────┤
│ node16 (from ESM) │ 🎭 Masquerading as CJS │
├───────────────────┼────────────────────────┤
│ bundler           │ 🟢                     │
└───────────────────┴────────────────────────┘",
]
`;
