// Vitest Snapshot v1, https://vitest.dev/guide/snapshot.html

exports[`should run arethetypeswrong as expected 1`] = `
[
  "[arethetypeswrong] test-exports v0.0.0

 No problems found 🌟
┌───────────────────┬────────────────────┬────────────────────┬─────────────────────────────┐
│                   │ "test-exports/foo" │ "test-exports/bar" │ "test-exports/package.json" │
├───────────────────┼────────────────────┼────────────────────┼─────────────────────────────┤
│ node10            │ 🟢                 │ 🟢                 │ 🟢 (JSON)                   │
├───────────────────┼────────────────────┼────────────────────┼─────────────────────────────┤
│ node16 (from CJS) │ 🟢 (CJS)           │ 🟢 (CJS)           │ 🟢 (JSON)                   │
├───────────────────┼────────────────────┼────────────────────┼─────────────────────────────┤
│ node16 (from ESM) │ 🟢 (ESM)           │ 🟢 (ESM)           │ 🟢 (JSON)                   │
├───────────────────┼────────────────────┼────────────────────┼─────────────────────────────┤
│ bundler           │ 🟢                 │ 🟢                 │ 🟢 (JSON)                   │
└───────────────────┴────────────────────┴────────────────────┴─────────────────────────────┘",
]
`;

exports[`should run arethetypeswrong without emoji 1`] = `
[
  "[arethetypeswrong] test-exports v0.0.0

 No problems found
┌───────────────────┬────────────────────┬────────────────────┬─────────────────────────────┐
│                   │ "test-exports/foo" │ "test-exports/bar" │ "test-exports/package.json" │
├───────────────────┼────────────────────┼────────────────────┼─────────────────────────────┤
│ node10            │ OK                 │ OK                 │ OK (JSON)                   │
├───────────────────┼────────────────────┼────────────────────┼─────────────────────────────┤
│ node16 (from CJS) │ OK (CJS)           │ OK (CJS)           │ OK (JSON)                   │
├───────────────────┼────────────────────┼────────────────────┼─────────────────────────────┤
│ node16 (from ESM) │ OK (ESM)           │ OK (ESM)           │ OK (JSON)                   │
├───────────────────┼────────────────────┼────────────────────┼─────────────────────────────┤
│ bundler           │ OK                 │ OK                 │ OK (JSON)                   │
└───────────────────┴────────────────────┴────────────────────┴─────────────────────────────┘",
]
`;

exports[`should run arethetypeswrong without summary 1`] = `
[
  "[arethetypeswrong] test-exports v0.0.0

┌───────────────────┬────────────────────┬────────────────────┬─────────────────────────────┐
│                   │ "test-exports/foo" │ "test-exports/bar" │ "test-exports/package.json" │
├───────────────────┼────────────────────┼────────────────────┼─────────────────────────────┤
│ node10            │ OK                 │ OK                 │ OK (JSON)                   │
├───────────────────┼────────────────────┼────────────────────┼─────────────────────────────┤
│ node16 (from CJS) │ OK (CJS)           │ OK (CJS)           │ OK (JSON)                   │
├───────────────────┼────────────────────┼────────────────────┼─────────────────────────────┤
│ node16 (from ESM) │ OK (ESM)           │ OK (ESM)           │ OK (JSON)                   │
├───────────────────┼────────────────────┼────────────────────┼─────────────────────────────┤
│ bundler           │ OK                 │ OK                 │ OK (JSON)                   │
└───────────────────┴────────────────────┴────────────────────┴─────────────────────────────┘",
]
`;
