// Vitest Snapshot v1, https://vitest.dev/guide/snapshot.html

exports[`should be able to ignore rule false-esm 1`] = `
[
  "[arethetypeswrong] test-false-esm v0.0.0

 (ignoring rules: 'false-esm')

 No problems found 🌟
┌───────────────────┬──────────────────┐
│                   │ "test-false-esm" │
├───────────────────┼──────────────────┤
│ node10            │ 🟢               │
├───────────────────┼──────────────────┤
│ node16 (from CJS) │ 🟢 (ESM)         │
├───────────────────┼──────────────────┤
│ node16 (from ESM) │ 🟢 (ESM)         │
├───────────────────┼──────────────────┤
│ bundler           │ 🟢               │
└───────────────────┴──────────────────┘",
]
`;

exports[`should throw when has false ESM 2`] = `
[
  "[arethetypeswrong] test-false-esm v0.0.0

👺 Import resolved to an ESM type declaration file, but a CommonJS JavaScript file. https://github.com/arethetypeswrong/arethetypeswrong.github.io/blob/main/docs/problems/FalseESM.md


┌───────────────────┬────────────────────────┐
│                   │ "test-false-esm"       │
├───────────────────┼────────────────────────┤
│ node10            │ 🟢                     │
├───────────────────┼────────────────────────┤
│ node16 (from CJS) │ 👺 Masquerading as ESM │
├───────────────────┼────────────────────────┤
│ node16 (from ESM) │ 🟢 (ESM)               │
├───────────────────┼────────────────────────┤
│ bundler           │ 🟢                     │
└───────────────────┴────────────────────────┘",
]
`;
